[     162ms] [ERROR] Failed to load resource: the server responded with a status of 404 (Not Found) @ http://localhost:4321/logo-white.svg:0
[     480ms] [WARNING] WARNING: Multiple instances of Three.js being imported. @ https://esm.sh/three@0.170.0/es2022/three.mjs:3824
[    1535ms] [ERROR] Failed to load resource: the server responded with a status of 404 (Not Found) @ http://localhost:4321/logo-white.svg:0
[    3573ms] [ERROR] Failed to load resource: the server responded with a status of 404 (Not Found) @ http://localhost:4321/logo-white.svg:0
[   45023ms] [ERROR] Failed to load resource: the server responded with a status of 404 (Not Found) @ http://localhost:4321/logo-white.svg:0
[  188261ms] [ERROR] Failed to load resource: the server responded with a status of 404 (Not Found) @ http://localhost:4321/logo-white.svg:0
[  196283ms] [ERROR] Failed to load resource: the server responded with a status of 404 (Not Found) @ http://localhost:4321/logo-white.svg:0
[  196597ms] [ERROR] Failed to load resource: the server responded with a status of 404 (Not Found) @ http://localhost:4321/logo-white.svg:0
[  197542ms] [ERROR] Failed to load resource: the server responded with a status of 404 (Not Found) @ http://localhost:4321/logo-white.svg:0
[  198675ms] [ERROR] Failed to load resource: the server responded with a status of 404 (Not Found) @ http://localhost:4321/logo-white.svg:0
[  199206ms] [ERROR] Failed to load resource: the server responded with a status of 404 (Not Found) @ http://localhost:4321/logo-white.svg:0
[  201131ms] [ERROR] Failed to load resource: the server responded with a status of 404 (Not Found) @ http://localhost:4321/logo-white.svg:0
[  277711ms] [ERROR] Failed to load resource: the server responded with a status of 404 (Not Found) @ http://localhost:4321/logo-white.svg:0
[  610058ms] [ERROR] Failed to load resource: the server responded with a status of 404 (Not Found) @ http://localhost:4321/logo-white.svg:0
[ 1229568ms] [ERROR] Failed to load resource: the server responded with a status of 404 (Not Found) @ http://localhost:4321/logo-white.svg:0
[ 1229744ms] [WARNING] WARNING: Multiple instances of Three.js being imported. @ https://esm.sh/three@0.170.0/es2022/three.mjs:3824
[ 1230143ms] [ERROR] Failed to load resource: the server responded with a status of 404 (Not Found) @ http://localhost:4321/logo-white.svg:0
[ 1232883ms] [ERROR] Failed to load resource: the server responded with a status of 404 (Not Found) @ http://localhost:4321/logo-white.svg:0
[ 1236531ms] [ERROR] Failed to load resource: the server responded with a status of 404 (Not Found) @ http://localhost:4321/logo-white.svg:0
[ 1236653ms] [WARNING] WARNING: Multiple instances of Three.js being imported. @ https://esm.sh/three@0.170.0/es2022/three.mjs:3824
[ 1237133ms] [ERROR] Failed to load resource: the server responded with a status of 404 (Not Found) @ http://localhost:4321/logo-white.svg:0
[ 1240147ms] [ERROR] Failed to load resource: the server responded with a status of 404 (Not Found) @ http://localhost:4321/logo-white.svg:0
[ 1382782ms] [ERROR] Failed to load resource: the server responded with a status of 404 (Not Found) @ http://localhost:4321/logo-white.svg:0
[ 1382988ms] [WARNING] WARNING: Multiple instances of Three.js being imported. @ https://esm.sh/three@0.170.0/es2022/three.mjs:3824
[ 1383773ms] [ERROR] Failed to load resource: the server responded with a status of 404 (Not Found) @ http://localhost:4321/logo-white.svg:0
[ 1386136ms] [ERROR] Failed to load resource: the server responded with a status of 404 (Not Found) @ http://localhost:4321/logo-white.svg:0
[ 1404453ms] [ERROR] Failed to load resource: the server responded with a status of 404 (Not Found) @ http://localhost:4321/logo-white.svg:0
[ 1404587ms] [WARNING] WARNING: Multiple instances of Three.js being imported. @ https://esm.sh/three@0.170.0/es2022/three.mjs:3824
[ 1405055ms] [ERROR] Failed to load resource: the server responded with a status of 404 (Not Found) @ http://localhost:4321/logo-white.svg:0
[ 1408053ms] [ERROR] Failed to load resource: the server responded with a status of 404 (Not Found) @ http://localhost:4321/logo-white.svg:0
[ 1416749ms] [WARNING] WARNING: Multiple instances of Three.js being imported. @ https://esm.sh/three@0.170.0/es2022/three.mjs:3824
[ 1809620ms] [WARNING] WARNING: Multiple instances of Three.js being imported. @ https://esm.sh/three@0.170.0/es2022/three.mjs:3824
[ 1873399ms] [WARNING] WARNING: Multiple instances of Three.js being imported. @ https://esm.sh/three@0.170.0/es2022/three.mjs:3824
[88179284ms] [WARNING] WARNING: Multiple instances of Three.js being imported. @ https://esm.sh/three@0.170.0/es2022/three.mjs:3824
[89178193ms] [WARNING] WARNING: Multiple instances of Three.js being imported. @ https://esm.sh/three@0.170.0/es2022/three.mjs:3824
[89185795ms] [WARNING] WARNING: Multiple instances of Three.js being imported. @ https://esm.sh/three@0.170.0/es2022/three.mjs:3824
[89192929ms] [WARNING] WARNING: Multiple instances of Three.js being imported. @ https://esm.sh/three@0.170.0/es2022/three.mjs:3824
[89208087ms] [WARNING] WARNING: Multiple instances of Three.js being imported. @ https://esm.sh/three@0.170.0/es2022/three.mjs:3824
[89319584ms] [WARNING] WARNING: Multiple instances of Three.js being imported. @ https://esm.sh/three@0.170.0/es2022/three.mjs:3824
[89421743ms] [WARNING] WARNING: Multiple instances of Three.js being imported. @ https://esm.sh/three@0.170.0/es2022/three.mjs:3824
[89451207ms] [WARNING] WARNING: Multiple instances of Three.js being imported. @ https://esm.sh/three@0.170.0/es2022/three.mjs:3824
[89783794ms] [WARNING] WARNING: Multiple instances of Three.js being imported. @ https://esm.sh/three@0.170.0/es2022/three.mjs:3824
[91605948ms] [WARNING] WARNING: Multiple instances of Three.js being imported. @ https://esm.sh/three@0.170.0/es2022/three.mjs:3824
[91612719ms] [WARNING] WARNING: Multiple instances of Three.js being imported. @ https://esm.sh/three@0.170.0/es2022/three.mjs:3824
[91619404ms] [WARNING] WARNING: Multiple instances of Three.js being imported. @ https://esm.sh/three@0.170.0/es2022/three.mjs:3824
[91625788ms] [WARNING] WARNING: Multiple instances of Three.js being imported. @ https://esm.sh/three@0.170.0/es2022/three.mjs:3824
[91632730ms] [WARNING] WARNING: Multiple instances of Three.js being imported. @ https://esm.sh/three@0.170.0/es2022/three.mjs:3824
[91641622ms] [WARNING] WARNING: Multiple instances of Three.js being imported. @ https://esm.sh/three@0.170.0/es2022/three.mjs:3824
[91649421ms] [WARNING] WARNING: Multiple instances of Three.js being imported. @ https://esm.sh/three@0.170.0/es2022/three.mjs:3824
[91657650ms] [WARNING] WARNING: Multiple instances of Three.js being imported. @ https://esm.sh/three@0.170.0/es2022/three.mjs:3824
[91665971ms] [WARNING] WARNING: Multiple instances of Three.js being imported. @ https://esm.sh/three@0.170.0/es2022/three.mjs:3824
[92538309ms] [WARNING] WARNING: Multiple instances of Three.js being imported. @ https://esm.sh/three@0.170.0/es2022/three.mjs:3824
[92565437ms] [WARNING] WARNING: Multiple instances of Three.js being imported. @ https://esm.sh/three@0.170.0/es2022/three.mjs:3824
[92855598ms] [WARNING] WARNING: Multiple instances of Three.js being imported. @ https://esm.sh/three@0.170.0/es2022/three.mjs:3824
[93428929ms] [WARNING] WARNING: Multiple instances of Three.js being imported. @ https://esm.sh/three@0.170.0/es2022/three.mjs:3824
[93443091ms] [WARNING] WARNING: Multiple instances of Three.js being imported. @ https://esm.sh/three@0.170.0/es2022/three.mjs:3824
[93459340ms] [WARNING] WARNING: Multiple instances of Three.js being imported. @ https://esm.sh/three@0.170.0/es2022/three.mjs:3824
[93478413ms] [WARNING] WARNING: Multiple instances of Three.js being imported. @ https://esm.sh/three@0.170.0/es2022/three.mjs:3824
[93677344ms] [WARNING] WARNING: Multiple instances of Three.js being imported. @ https://esm.sh/three@0.170.0/es2022/three.mjs:3824
[127256644ms] [WARNING] WARNING: Multiple instances of Three.js being imported. @ https://esm.sh/three@0.170.0/es2022/three.mjs:3824
[127889438ms] [WARNING] WARNING: Multiple instances of Three.js being imported. @ https://esm.sh/three@0.170.0/es2022/three.mjs:3824
[127955590ms] [WARNING] WARNING: Multiple instances of Three.js being imported. @ https://esm.sh/three@0.170.0/es2022/three.mjs:3824
[128005106ms] [WARNING] WARNING: Multiple instances of Three.js being imported. @ https://esm.sh/three@0.170.0/es2022/three.mjs:3824
[128095085ms] [WARNING] WARNING: Multiple instances of Three.js being imported. @ https://esm.sh/three@0.170.0/es2022/three.mjs:3824
[128219932ms] [WARNING] WARNING: Multiple instances of Three.js being imported. @ https://esm.sh/three@0.170.0/es2022/three.mjs:3824
[128352574ms] [WARNING] WARNING: Multiple instances of Three.js being imported. @ https://esm.sh/three@0.170.0/es2022/three.mjs:3824
[128841959ms] [WARNING] WARNING: Multiple instances of Three.js being imported. @ https://esm.sh/three@0.170.0/es2022/three.mjs:3824
[128844923ms] [WARNING] WARNING: Multiple instances of Three.js being imported. @ https://esm.sh/three@0.170.0/es2022/three.mjs:3824
[129092321ms] [WARNING] WARNING: Multiple instances of Three.js being imported. @ https://esm.sh/three@0.170.0/es2022/three.mjs:3824
[129107576ms] [WARNING] WARNING: Multiple instances of Three.js being imported. @ https://esm.sh/three@0.170.0/es2022/three.mjs:3824
[129123275ms] [WARNING] WARNING: Multiple instances of Three.js being imported. @ https://esm.sh/three@0.170.0/es2022/three.mjs:3824
[129141727ms] [WARNING] WARNING: Multiple instances of Three.js being imported. @ https://esm.sh/three@0.170.0/es2022/three.mjs:3824
[130523134ms] [WARNING] WARNING: Multiple instances of Three.js being imported. @ https://esm.sh/three@0.170.0/es2022/three.mjs:3824
[130930966ms] [WARNING] WARNING: Multiple instances of Three.js being imported. @ https://esm.sh/three@0.170.0/es2022/three.mjs:3824
[131084023ms] [WARNING] WARNING: Multiple instances of Three.js being imported. @ https://esm.sh/three@0.170.0/es2022/three.mjs:3824
[132293278ms] [WARNING] WARNING: Multiple instances of Three.js being imported. @ https://esm.sh/three@0.170.0/es2022/three.mjs:3824
[133231926ms] [WARNING] WARNING: Multiple instances of Three.js being imported. @ https://esm.sh/three@0.170.0/es2022/three.mjs:3824
[137498147ms] [WARNING] WARNING: Multiple instances of Three.js being imported. @ https://esm.sh/three@0.170.0/es2022/three.mjs:3824
[137501577ms] [WARNING] WARNING: Multiple instances of Three.js being imported. @ https://esm.sh/three@0.170.0/es2022/three.mjs:3824
[137668892ms] [WARNING] WARNING: Multiple instances of Three.js being imported. @ https://esm.sh/three@0.170.0/es2022/three.mjs:3824
[137672099ms] [WARNING] WARNING: Multiple instances of Three.js being imported. @ https://esm.sh/three@0.170.0/es2022/three.mjs:3824
[137674513ms] [WARNING] WARNING: Multiple instances of Three.js being imported. @ https://esm.sh/three@0.170.0/es2022/three.mjs:3824
[137679300ms] [WARNING] WARNING: Multiple instances of Three.js being imported. @ https://esm.sh/three@0.170.0/es2022/three.mjs:3824
[138005979ms] [WARNING] WARNING: Multiple instances of Three.js being imported. @ https://esm.sh/three@0.170.0/es2022/three.mjs:3824
[138017555ms] [WARNING] WARNING: Multiple instances of Three.js being imported. @ https://esm.sh/three@0.170.0/es2022/three.mjs:3824
[138029310ms] [WARNING] WARNING: Multiple instances of Three.js being imported. @ https://esm.sh/three@0.170.0/es2022/three.mjs:3824
