[     331ms] [WARNING] WARNING: Multiple instances of Three.js being imported. @ https://esm.sh/three@0.170.0/es2022/three.mjs:3824
[    1084ms] [LOG] Track width: 485 Card centers X: [362, 124, 362, 124, 362] @ http://localhost:4321/:1655
[    1085ms] [LOG] SVG viewBox W: 485 SVG actual width: 485 @ http://localhost:4321/:1656
[    1886ms] [LOG] Track width: 485 Card centers X: [362, 124, 362, 124, 362] @ http://localhost:4321/:1655
[    1887ms] [LOG] SVG viewBox W: 485 SVG actual width: 485 @ http://localhost:4321/:1656
[   93708ms] [WARNING] WARNING: Multiple instances of Three.js being imported. @ https://esm.sh/three@0.170.0/es2022/three.mjs:3824
[   94688ms] [LOG] Track width: 485 Card centers X: [362, 124, 362, 124, 362] @ http://localhost:4321/:1655
[   94688ms] [LOG] SVG viewBox W: 485 SVG actual width: 485 @ http://localhost:4321/:1656
[   94688ms] [LOG] Card 1: left=287, width=150, trackLeft=0, centerX=362 @ http://localhost:4321/:1659
[   94688ms] [LOG] Card 2: left=49, width=150, trackLeft=0, centerX=124 @ http://localhost:4321/:1659
[   94688ms] [LOG] Card 3: left=287, width=150, trackLeft=0, centerX=362 @ http://localhost:4321/:1659
[   94688ms] [LOG] Card 4: left=49, width=150, trackLeft=0, centerX=124 @ http://localhost:4321/:1659
[   94688ms] [LOG] Card 5: left=287, width=150, trackLeft=0, centerX=362 @ http://localhost:4321/:1659
[   95493ms] [LOG] Track width: 485 Card centers X: [362, 124, 362, 124, 362] @ http://localhost:4321/:1655
[   95493ms] [LOG] SVG viewBox W: 485 SVG actual width: 485 @ http://localhost:4321/:1656
[   95493ms] [LOG] Card 1: left=287, width=150, trackLeft=0, centerX=362 @ http://localhost:4321/:1659
[   95493ms] [LOG] Card 2: left=49, width=150, trackLeft=0, centerX=124 @ http://localhost:4321/:1659
[   95493ms] [LOG] Card 3: left=287, width=150, trackLeft=0, centerX=362 @ http://localhost:4321/:1659
[   95493ms] [LOG] Card 4: left=49, width=150, trackLeft=0, centerX=124 @ http://localhost:4321/:1659
[   95493ms] [LOG] Card 5: left=287, width=150, trackLeft=0, centerX=362 @ http://localhost:4321/:1659
[  100618ms] [LOG] Track width: 1000 Card centers X: [770, 230, 770, 230, 770] @ http://localhost:4321/:1655
[  100618ms] [LOG] SVG viewBox W: 1000 SVG actual width: 1000 @ http://localhost:4321/:1656
[  100619ms] [LOG] Card 1: left=673, width=460, trackLeft=133, centerX=770 @ http://localhost:4321/:1659
[  100619ms] [LOG] Card 2: left=133, width=460, trackLeft=133, centerX=230 @ http://localhost:4321/:1659
[  100619ms] [LOG] Card 3: left=673, width=460, trackLeft=133, centerX=770 @ http://localhost:4321/:1659
[  100619ms] [LOG] Card 4: left=133, width=460, trackLeft=133, centerX=230 @ http://localhost:4321/:1659
[  100619ms] [LOG] Card 5: left=673, width=460, trackLeft=133, centerX=770 @ http://localhost:4321/:1659
