[     316ms] [WARNING] WARNING: Multiple instances of Three.js being imported. @ https://esm.sh/three@0.170.0/es2022/three.mjs:3824
[    1056ms] [LOG] Track width: 1000 Card centers X: [770, 230, 770, 230, 770] @ http://localhost:4321/:1655
[    1056ms] [LOG] SVG viewBox W: 1000 SVG actual width: 1000 @ http://localhost:4321/:1656
[    1056ms] [LOG] Card 1: left=673, width=460, trackLeft=133, centerX=770 @ http://localhost:4321/:1659
[    1056ms] [LOG] Card 2: left=133, width=460, trackLeft=133, centerX=230 @ http://localhost:4321/:1659
[    1056ms] [LOG] Card 3: left=673, width=460, trackLeft=133, centerX=770 @ http://localhost:4321/:1659
[    1056ms] [LOG] Card 4: left=133, width=460, trackLeft=133, centerX=230 @ http://localhost:4321/:1659
[    1056ms] [LOG] Card 5: left=673, width=460, trackLeft=133, centerX=770 @ http://localhost:4321/:1659
[    1862ms] [LOG] Track width: 1000 Card centers X: [770, 230, 770, 230, 770] @ http://localhost:4321/:1655
[    1862ms] [LOG] SVG viewBox W: 1000 SVG actual width: 1000 @ http://localhost:4321/:1656
[    1862ms] [LOG] Card 1: left=673, width=460, trackLeft=133, centerX=770 @ http://localhost:4321/:1659
[    1862ms] [LOG] Card 2: left=133, width=460, trackLeft=133, centerX=230 @ http://localhost:4321/:1659
[    1862ms] [LOG] Card 3: left=673, width=460, trackLeft=133, centerX=770 @ http://localhost:4321/:1659
[    1862ms] [LOG] Card 4: left=133, width=460, trackLeft=133, centerX=230 @ http://localhost:4321/:1659
[    1862ms] [LOG] Card 5: left=673, width=460, trackLeft=133, centerX=770 @ http://localhost:4321/:1659
[  949214ms] [LOG] Track width: 1000 Card centers X: [770, 230, 770, 230, 770] @ http://localhost:4321/:1655
[  949215ms] [LOG] SVG viewBox W: 1000 SVG actual width: 1000 @ http://localhost:4321/:1656
[  949215ms] [LOG] Card 1: left=672, width=460, trackLeft=132, centerX=770 @ http://localhost:4321/:1659
[  949215ms] [LOG] Card 2: left=132, width=460, trackLeft=132, centerX=230 @ http://localhost:4321/:1659
[  949215ms] [LOG] Card 3: left=672, width=460, trackLeft=132, centerX=770 @ http://localhost:4321/:1659
[  949215ms] [LOG] Card 4: left=132, width=460, trackLeft=132, centerX=230 @ http://localhost:4321/:1659
[  949215ms] [LOG] Card 5: left=672, width=460, trackLeft=132, centerX=770 @ http://localhost:4321/:1659
[ 1239110ms] [LOG] [vite] server connection lost. Polling for restart... @ http://localhost:4321/@vite/client:1598
[19262420ms] [WARNING] WARNING: Multiple instances of Three.js being imported. @ https://esm.sh/three@0.170.0/es2022/three.mjs:3824
[19264541ms] [LOG] Track width: 1000 Card centers X: [770, 230, 770, 230, 770] @ http://localhost:4321/:1655
[19264541ms] [LOG] SVG viewBox W: 1000 SVG actual width: 1000 @ http://localhost:4321/:1656
[19264541ms] [LOG] Card 1: left=672, width=460, trackLeft=132, centerX=770 @ http://localhost:4321/:1659
[19264542ms] [LOG] Card 2: left=132, width=460, trackLeft=132, centerX=230 @ http://localhost:4321/:1659
[19264542ms] [LOG] Card 3: left=672, width=460, trackLeft=132, centerX=770 @ http://localhost:4321/:1659
[19264542ms] [LOG] Card 4: left=132, width=460, trackLeft=132, centerX=230 @ http://localhost:4321/:1659
[19264542ms] [LOG] Card 5: left=672, width=460, trackLeft=132, centerX=770 @ http://localhost:4321/:1659
[19265346ms] [LOG] Track width: 1000 Card centers X: [770, 230, 770, 230, 770] @ http://localhost:4321/:1655
[19265346ms] [LOG] SVG viewBox W: 1000 SVG actual width: 1000 @ http://localhost:4321/:1656
[19265347ms] [LOG] Card 1: left=672, width=460, trackLeft=132, centerX=770 @ http://localhost:4321/:1659
[19265347ms] [LOG] Card 2: left=132, width=460, trackLeft=132, centerX=230 @ http://localhost:4321/:1659
[19265347ms] [LOG] Card 3: left=672, width=460, trackLeft=132, centerX=770 @ http://localhost:4321/:1659
[19265347ms] [LOG] Card 4: left=132, width=460, trackLeft=132, centerX=230 @ http://localhost:4321/:1659
[19265347ms] [LOG] Card 5: left=672, width=460, trackLeft=132, centerX=770 @ http://localhost:4321/:1659
[19265615ms] [LOG] [vite] server connection lost. Polling for restart... @ http://localhost:4321/@vite/client:1598
[25601288ms] [WARNING] WARNING: Multiple instances of Three.js being imported. @ https://esm.sh/three@0.170.0/es2022/three.mjs:3824
[25603750ms] [LOG] Track width: 1000 Card centers X: [770, 230, 770, 230, 770] @ http://localhost:4321/:1655
[25603750ms] [LOG] SVG viewBox W: 1000 SVG actual width: 1000 @ http://localhost:4321/:1656
[25603750ms] [LOG] Card 1: left=672, width=460, trackLeft=132, centerX=770 @ http://localhost:4321/:1659
[25603750ms] [LOG] Card 2: left=132, width=460, trackLeft=132, centerX=230 @ http://localhost:4321/:1659
[25603751ms] [LOG] Card 3: left=672, width=460, trackLeft=132, centerX=770 @ http://localhost:4321/:1659
[25603751ms] [LOG] Card 4: left=132, width=460, trackLeft=132, centerX=230 @ http://localhost:4321/:1659
[25603751ms] [LOG] Card 5: left=672, width=460, trackLeft=132, centerX=770 @ http://localhost:4321/:1659
[25604558ms] [LOG] Track width: 1000 Card centers X: [770, 230, 770, 230, 770] @ http://localhost:4321/:1655
[25604558ms] [LOG] SVG viewBox W: 1000 SVG actual width: 1000 @ http://localhost:4321/:1656
[25604558ms] [LOG] Card 1: left=672, width=460, trackLeft=132, centerX=770 @ http://localhost:4321/:1659
[25604558ms] [LOG] Card 2: left=132, width=460, trackLeft=132, centerX=230 @ http://localhost:4321/:1659
[25604558ms] [LOG] Card 3: left=672, width=460, trackLeft=132, centerX=770 @ http://localhost:4321/:1659
[25604558ms] [LOG] Card 4: left=132, width=460, trackLeft=132, centerX=230 @ http://localhost:4321/:1659
[25604559ms] [LOG] Card 5: left=672, width=460, trackLeft=132, centerX=770 @ http://localhost:4321/:1659
[25646855ms] [LOG] [vite] server connection lost. Polling for restart... @ http://localhost:4321/@vite/client:1598
[32530247ms] [WARNING] WARNING: Multiple instances of Three.js being imported. @ https://esm.sh/three@0.170.0/es2022/three.mjs:3824
[32532196ms] [LOG] Track width: 1000 Card centers X: [770, 230, 770, 230, 770] @ http://localhost:4321/:1655
[32532197ms] [LOG] SVG viewBox W: 1000 SVG actual width: 1000 @ http://localhost:4321/:1656
[32532197ms] [LOG] Card 1: left=672, width=460, trackLeft=132, centerX=770 @ http://localhost:4321/:1659
[32532197ms] [LOG] Card 2: left=132, width=460, trackLeft=132, centerX=230 @ http://localhost:4321/:1659
[32532197ms] [LOG] Card 3: left=672, width=460, trackLeft=132, centerX=770 @ http://localhost:4321/:1659
[32532197ms] [LOG] Card 4: left=132, width=460, trackLeft=132, centerX=230 @ http://localhost:4321/:1659
[32532197ms] [LOG] Card 5: left=672, width=460, trackLeft=132, centerX=770 @ http://localhost:4321/:1659
[32533006ms] [LOG] Track width: 1000 Card centers X: [770, 230, 770, 230, 770] @ http://localhost:4321/:1655
[32533006ms] [LOG] SVG viewBox W: 1000 SVG actual width: 1000 @ http://localhost:4321/:1656
[32533006ms] [LOG] Card 1: left=672, width=460, trackLeft=132, centerX=770 @ http://localhost:4321/:1659
[32533007ms] [LOG] Card 2: left=132, width=460, trackLeft=132, centerX=230 @ http://localhost:4321/:1659
[32533007ms] [LOG] Card 3: left=672, width=460, trackLeft=132, centerX=770 @ http://localhost:4321/:1659
[32533007ms] [LOG] Card 4: left=132, width=460, trackLeft=132, centerX=230 @ http://localhost:4321/:1659
[32533007ms] [LOG] Card 5: left=672, width=460, trackLeft=132, centerX=770 @ http://localhost:4321/:1659
[32535437ms] [LOG] Track width: 1000 Card centers X: [770, 230, 770, 230, 770] @ http://localhost:4321/:1655
[32535437ms] [LOG] SVG viewBox W: 1000 SVG actual width: 1000 @ http://localhost:4321/:1656
[32535438ms] [LOG] Card 1: left=673, width=460, trackLeft=133, centerX=770 @ http://localhost:4321/:1659
[32535438ms] [LOG] Card 2: left=133, width=460, trackLeft=133, centerX=230 @ http://localhost:4321/:1659
[32535438ms] [LOG] Card 3: left=673, width=460, trackLeft=133, centerX=770 @ http://localhost:4321/:1659
[32535438ms] [LOG] Card 4: left=133, width=460, trackLeft=133, centerX=230 @ http://localhost:4321/:1659
[32535438ms] [LOG] Card 5: left=673, width=460, trackLeft=133, centerX=770 @ http://localhost:4321/:1659
[33075373ms] [WARNING] WARNING: Multiple instances of Three.js being imported. @ https://esm.sh/three@0.170.0/es2022/three.mjs:3824
[33845524ms] [WARNING] WARNING: Multiple instances of Three.js being imported. @ https://esm.sh/three@0.170.0/es2022/three.mjs:3824
[35119982ms] [WARNING] WARNING: Multiple instances of Three.js being imported. @ https://esm.sh/three@0.170.0/es2022/three.mjs:3824
[35310430ms] [WARNING] WARNING: Multiple instances of Three.js being imported. @ https://esm.sh/three@0.170.0/es2022/three.mjs:3824
