[     374ms] [WARNING] WARNING: Multiple instances of Three.js being imported. @ https://esm.sh/three@0.170.0/es2022/three.mjs:3824
[  255922ms] [WARNING] WARNING: Multiple instances of Three.js being imported. @ https://esm.sh/three@0.170.0/es2022/three.mjs:3824
[  414675ms] [WARNING] WARNING: Multiple instances of Three.js being imported. @ https://esm.sh/three@0.170.0/es2022/three.mjs:3824
[  424167ms] [WARNING] WARNING: Multiple instances of Three.js being imported. @ https://esm.sh/three@0.170.0/es2022/three.mjs:3824
[  442974ms] [WARNING] WARNING: Multiple instances of Three.js being imported. @ https://esm.sh/three@0.170.0/es2022/three.mjs:3824
[  658996ms] [WARNING] WARNING: Multiple instances of Three.js being imported. @ https://esm.sh/three@0.170.0/es2022/three.mjs:3824
[  669046ms] [WARNING] WARNING: Multiple instances of Three.js being imported. @ https://esm.sh/three@0.170.0/es2022/three.mjs:3824
[  678215ms] [WARNING] WARNING: Multiple instances of Three.js being imported. @ https://esm.sh/three@0.170.0/es2022/three.mjs:3824
[  867282ms] [WARNING] WARNING: Multiple instances of Three.js being imported. @ https://esm.sh/three@0.170.0/es2022/three.mjs:3824
[  878685ms] [WARNING] WARNING: Multiple instances of Three.js being imported. @ https://esm.sh/three@0.170.0/es2022/three.mjs:3824
[  892020ms] [WARNING] WARNING: Multiple instances of Three.js being imported. @ https://esm.sh/three@0.170.0/es2022/three.mjs:3824
[  991404ms] [WARNING] WARNING: Multiple instances of Three.js being imported. @ https://esm.sh/three@0.170.0/es2022/three.mjs:3824
[ 1059397ms] [WARNING] WARNING: Multiple instances of Three.js being imported. @ https://esm.sh/three@0.170.0/es2022/three.mjs:3824
[ 1065536ms] [WARNING] WARNING: Multiple instances of Three.js being imported. @ https://esm.sh/three@0.170.0/es2022/three.mjs:3824
[ 1264020ms] [WARNING] WARNING: Multiple instances of Three.js being imported. @ https://esm.sh/three@0.170.0/es2022/three.mjs:3824
[ 1387080ms] [WARNING] WARNING: Multiple instances of Three.js being imported. @ https://esm.sh/three@0.170.0/es2022/three.mjs:3824
[ 1395400ms] [WARNING] WARNING: Multiple instances of Three.js being imported. @ https://esm.sh/three@0.170.0/es2022/three.mjs:3824
[ 1515792ms] [WARNING] WARNING: Multiple instances of Three.js being imported. @ https://esm.sh/three@0.170.0/es2022/three.mjs:3824
[ 1516875ms] [LOG] Track width: 485 Card centers X: [362, 124, 362, 124, 362] @ http://localhost:4321/:1655
[ 1516875ms] [LOG] SVG viewBox W: 485 SVG actual width: 485 @ http://localhost:4321/:1656
[ 1517683ms] [LOG] Track width: 485 Card centers X: [362, 124, 362, 124, 362] @ http://localhost:4321/:1655
[ 1517684ms] [LOG] SVG viewBox W: 485 SVG actual width: 485 @ http://localhost:4321/:1656
